// Jest Snapshot v1, https://goo.gl/fbAQLP

exports[`AngelService test createAngel should match the snapshot of the created angel 1`] = `
{
  "angel_id": 4,
  "description": "Ant Sonny Angel",
  "image": "https://example.com/ant.png",
  "name": "Ant",
  "release_year": 2022,
  "series_id": 10,
  "user_id": 2,
  "views": 3,
}
`;
